<?xml version='1.0' encoding='UTF-8'?>
<testsuites>
  <testsuite name="Test Suite" device="MZIBHELVJRG6IFTW" tests="1" failures="1" time="25.0">
    <testcase id="smoke" name="smoke" classname="smoke" time="25.0" status="ERROR">
      <failure>Element not found: Text matching regex: Enter registered number</failure>
    </testcase>
  </testsuite>
</testsuites>
